exports[`LeftAxis Component should render 1`] = `
<g
  className="axis axis--y"
  fill="none"
  fontFamily="sans-serif"
  fontSize="10"
  textAnchor="end">
  <g
    className="tick"
    transform="translate(0,0)">
    <path
      d="M0,0 L500,0"
      fill="none"
      stroke="#CDDBF1"
      strokeWidth="1" />
    <text
      dy="0.32em"
      fill="#000"
      x="-9"
      y="0.5">
      NaN
    </text>
  </g>
  <g
    className="tick"
    transform="translate(0,100)">
    <path
      d="M0,0 L500,0"
      fill="none"
      stroke="#CDDBF1"
      strokeWidth="1" />
    <text
      dy="0.32em"
      fill="#000"
      x="-9"
      y="0.5">
      NaN
    </text>
  </g>
  <g
    className="tick"
    transform="translate(0,200)">
    <path
      d="M0,0 L500,0"
      fill="none"
      stroke="#CDDBF1"
      strokeWidth="1" />
    <text
      dy="0.32em"
      fill="#000"
      x="-9"
      y="0.5">
      NaN
    </text>
  </g>
  <g
    className="tick"
    transform="translate(0,300)">
    <path
      d="M0,0 L500,0"
      fill="none"
      stroke="#CDDBF1"
      strokeWidth="1" />
    <text
      dy="0.32em"
      fill="#000"
      x="-9"
      y="0.5">
      NaN
    </text>
  </g>
  <g
    className="tick"
    transform="translate(0,400)">
    <path
      d="M0,0 L500,0"
      fill="none"
      stroke="#CDDBF1"
      strokeWidth="1" />
    <text
      dy="0.32em"
      fill="#000"
      x="-9"
      y="0.5">
      NaN
    </text>
  </g>
  <g
    className="tick"
    transform="translate(0,500)">
    <path
      d="M0,0 L500,0"
      fill="none"
      stroke="#CDDBF1"
      strokeWidth="1" />
    <text
      dy="0.32em"
      fill="#000"
      x="-9"
      y="0.5">
      NaN
    </text>
  </g>
</g>
`;
