exports[`Tick Component should render 1`] = `
<g
  className="tick"
  transform="translate(0, 0)">
  <path
    d="M0,0 L0,-500"
    fill="none"
    stroke="#CDDBF1"
    strokeWidth="1"
    style={
      Object {
        "animation": undefined,
        "strokeDasharray": undefined,
        "strokeDashoffset": undefined,
      }
    } />
  <text
    dy="0.71em"
    fill="#000"
    x={0.5}
    y={9}>
    Label
  </text>
</g>
`;
