exports[`XTick Component should render 1`] = `
<g
  className="tick"
  transform="translate(250,0)">
  <path
    d="M0,0 L0,-500"
    fill="none"
    stroke="#CDDBF1"
    strokeWidth="1" />
  <text
    dy="0.71em"
    fill="#000"
    x="0.5"
    y="9">
    Label
  </text>
</g>
`;
