exports[`YTick Component should render 1`] = `
<g
  className="tick"
  transform="translate(0,250)">
  <path
    d="M0,0 Lundefined,0"
    fill="none"
    stroke="#CDDBF1"
    strokeWidth="1" />
  <text
    dy="0.32em"
    fill="#000"
    x="-9"
    y="0.5">
    Label
  </text>
</g>
`;
